2026-09-29 22:34:01.677: [INFO] CurrentProfilePath: D:\1. Desarrollo (Nivel2)\Programación Orienta a Objetos\Contactos\Contactos\.metadata\.plugins\org.eclipse.swt\EBWebView\Default
2026-09-29 22:34:01.677: [INFO] Profiles total count: 1
2026-09-29 22:34:01.677: [INFO] Profile: name=Perfil 1 path=D:\1. Desarrollo (Nivel2)\Programación Orienta a Objetos\Contactos\Contactos\.metadata\.plugins\org.eclipse.swt\EBWebView\Default lastActive=null
2026-09-29 22:34:01.677: [INFO] LastUsedProfileDir: D:\1. Desarrollo (Nivel2)\Programación Orienta a Objetos\Contactos\Contactos\.metadata\.plugins\org.eclipse.swt\EBWebView\Default
2026-09-29 22:34:01.677: [INFO] OnDoneLoading sync enabled: 0
2026-09-29 22:34:01.677: [INFO] BookmarkModelLoaded, ids_reassigned: 0
2026-09-29 22:34:01.677: [INFO] BookmarksLoadDropped droppedNodes=0
2026-09-29 22:34:01.677: [INFO] BookmarksSnapshot Startup total=0 bar=0 other=0 mobile=0 showBar=0 showBarNTP=1
2026-09-29 22:34:38.614: [INFO] CurrentProfilePath: D:\1. Desarrollo (Nivel2)\Programación Orienta a Objetos\Contactos\Contactos\.metadata\.plugins\org.eclipse.swt\EBWebView\Default
2026-09-29 22:34:38.614: [INFO] Profiles total count: 1
2026-09-29 22:34:38.614: [INFO] Profile: name=Perfil 1 path=D:\1. Desarrollo (Nivel2)\Programación Orienta a Objetos\Contactos\Contactos\.metadata\.plugins\org.eclipse.swt\EBWebView\Default lastActive=2026-09-29T22:34:09.723Z
2026-09-29 22:34:38.614: [INFO] LastUsedProfileDir: D:\1. Desarrollo (Nivel2)\Programación Orienta a Objetos\Contactos\Contactos\.metadata\.plugins\org.eclipse.swt\EBWebView\Default
2026-09-29 22:34:38.614: [INFO] MostRecentlyActiveProfile: name=Perfil 1 path=D:\1. Desarrollo (Nivel2)\Programación Orienta a Objetos\Contactos\Contactos\.metadata\.plugins\org.eclipse.swt\EBWebView\Default lastActive=2026-09-29T22:34:09.723Z
2026-09-29 22:34:38.614: [INFO] OnDoneLoading sync enabled: 0
2026-09-29 22:34:38.614: [INFO] BookmarkModelLoaded, ids_reassigned: 0
2026-09-29 22:34:38.614: [INFO] BookmarksLoadDropped droppedNodes=0
2026-09-29 22:34:38.614: [INFO] BookmarksSnapshot Startup total=0 bar=0 other=0 mobile=0 showBar=0 showBarNTP=1
2026-09-29 22:34:55.088: [INFO] BookmarksSnapshot Shutdown total=0 bar=0 other=0 mobile=0 showBar=0 showBarNTP=1
2026-09-29 22:50:17.829: [INFO] CurrentProfilePath: D:\1. Desarrollo (Nivel2)\Programación Orienta a Objetos\Contactos\Contactos\.metadata\.plugins\org.eclipse.swt\EBWebView\Default
2026-09-29 22:50:17.829: [INFO] Profiles total count: 1
2026-09-29 22:50:17.833: [INFO] Profile: name=Perfil 1 path=D:\1. Desarrollo (Nivel2)\Programación Orienta a Objetos\Contactos\Contactos\.metadata\.plugins\org.eclipse.swt\EBWebView\Default lastActive=2026-09-29T22:34:47.977Z
2026-09-29 22:50:17.833: [INFO] LastUsedProfileDir: D:\1. Desarrollo (Nivel2)\Programación Orienta a Objetos\Contactos\Contactos\.metadata\.plugins\org.eclipse.swt\EBWebView\Default
2026-09-29 22:50:17.833: [INFO] MostRecentlyActiveProfile: name=Perfil 1 path=D:\1. Desarrollo (Nivel2)\Programación Orienta a Objetos\Contactos\Contactos\.metadata\.plugins\org.eclipse.swt\EBWebView\Default lastActive=2026-09-29T22:34:47.977Z
2026-09-29 22:50:17.833: [INFO] OnDoneLoading sync enabled: 0
2026-09-29 22:50:17.833: [INFO] BookmarkModelLoaded, ids_reassigned: 0
2026-09-29 22:50:17.833: [INFO] BookmarksLoadDropped droppedNodes=0
2026-09-29 22:50:17.833: [INFO] BookmarksSnapshot Startup total=0 bar=0 other=0 mobile=0 showBar=0 showBarNTP=1
2026-09-29 22:52:04.078: [INFO] BookmarksSnapshot Shutdown total=0 bar=0 other=0 mobile=0 showBar=0 showBarNTP=1
2026-09-30 00:32:10.092: [INFO] CurrentProfilePath: D:\1. Desarrollo (Nivel2)\Programación Orienta a Objetos\Contactos\Contactos\.metadata\.plugins\org.eclipse.swt\EBWebView\Default
2026-09-30 00:32:10.092: [INFO] Profiles total count: 1
2026-09-30 00:32:10.092: [INFO] Profile: name=Perfil 1 path=D:\1. Desarrollo (Nivel2)\Programación Orienta a Objetos\Contactos\Contactos\.metadata\.plugins\org.eclipse.swt\EBWebView\Default lastActive=2026-09-29T22:50:21.701Z
2026-09-30 00:32:10.092: [INFO] LastUsedProfileDir: D:\1. Desarrollo (Nivel2)\Programación Orienta a Objetos\Contactos\Contactos\.metadata\.plugins\org.eclipse.swt\EBWebView\Default
2026-09-30 00:32:10.092: [INFO] MostRecentlyActiveProfile: name=Perfil 1 path=D:\1. Desarrollo (Nivel2)\Programación Orienta a Objetos\Contactos\Contactos\.metadata\.plugins\org.eclipse.swt\EBWebView\Default lastActive=2026-09-29T22:50:21.701Z
2026-09-30 00:32:10.092: [INFO] OnDoneLoading sync enabled: 0
2026-09-30 00:32:10.092: [INFO] BookmarkModelLoaded, ids_reassigned: 0
2026-09-30 00:32:10.092: [INFO] BookmarksLoadDropped droppedNodes=0
2026-09-30 00:32:10.092: [INFO] BookmarksSnapshot Startup total=0 bar=0 other=0 mobile=0 showBar=0 showBarNTP=1
2026-10-01 21:20:50.572: [INFO] BookmarksSnapshot Shutdown total=0 bar=0 other=0 mobile=0 showBar=0 showBarNTP=1
2026-10-01 21:38:57.294: [INFO] CurrentProfilePath: D:\1. Desarrollo (Nivel2)\Programación Orienta a Objetos\Contactos\Contactos\.metadata\.plugins\org.eclipse.swt\EBWebView\Default
2026-10-01 21:38:57.294: [INFO] Profiles total count: 1
2026-10-01 21:38:57.297: [INFO] Profile: name=Perfil 1 path=D:\1. Desarrollo (Nivel2)\Programación Orienta a Objetos\Contactos\Contactos\.metadata\.plugins\org.eclipse.swt\EBWebView\Default lastActive=2026-09-30T00:32:20.207Z
2026-10-01 21:38:57.297: [INFO] LastUsedProfileDir: D:\1. Desarrollo (Nivel2)\Programación Orienta a Objetos\Contactos\Contactos\.metadata\.plugins\org.eclipse.swt\EBWebView\Default
2026-10-01 21:38:57.297: [INFO] MostRecentlyActiveProfile: name=Perfil 1 path=D:\1. Desarrollo (Nivel2)\Programación Orienta a Objetos\Contactos\Contactos\.metadata\.plugins\org.eclipse.swt\EBWebView\Default lastActive=2026-09-30T00:32:20.207Z
2026-10-01 21:38:57.297: [INFO] OnDoneLoading sync enabled: 0
2026-10-01 21:38:57.297: [INFO] BookmarkModelLoaded, ids_reassigned: 0
2026-10-01 21:38:57.297: [INFO] BookmarksLoadDropped droppedNodes=0
2026-10-01 21:38:57.297: [INFO] BookmarksSnapshot Startup total=0 bar=0 other=0 mobile=0 showBar=0 showBarNTP=1
2026-10-01 22:03:28.265: [INFO] BookmarksSnapshot Shutdown total=0 bar=0 other=0 mobile=0 showBar=0 showBarNTP=1
